TimeQuest Timing Analyzer report for wasmachien_block
Mon Mar 10 21:57:27 2025
Quartus II 64-Bit Version 13.0.1 Build 232 06/12/2013 Service Pack 1 SJ Web Edition


---------------------
; Table of Contents ;
---------------------
  1. Legal Notice
  2. TimeQuest Timing Analyzer Summary
  3. Parallel Compilation
  4. Clocks
  5. Fmax Summary
  6. Setup Summary
  7. Hold Summary
  8. Recovery Summary
  9. Removal Summary
 10. Minimum Pulse Width Summary
 11. Setup: 'clk'
 12. Setup: 'centrifugeerkeuze[0]'
 13. Hold: 'centrifugeerkeuze[0]'
 14. Hold: 'clk'
 15. Minimum Pulse Width: 'centrifugeerkeuze[0]'
 16. Minimum Pulse Width: 'clk'
 17. Setup Times
 18. Hold Times
 19. Clock to Output Times
 20. Minimum Clock to Output Times
 21. Setup Transfers
 22. Hold Transfers
 23. Report TCCS
 24. Report RSKM
 25. Unconstrained Paths
 26. TimeQuest Timing Analyzer Messages



----------------
; Legal Notice ;
----------------
Copyright (C) 1991-2013 Altera Corporation
Your use of Altera Corporation's design tools, logic functions 
and other software and tools, and its AMPP partner logic 
functions, and any output files from any of the foregoing 
(including device programming or simulation files), and any 
associated documentation or information are expressly subject 
to the terms and conditions of the Altera Program License 
Subscription Agreement, Altera MegaCore Function License 
Agreement, or other applicable license agreement, including, 
without limitation, that your use is for the sole purpose of 
programming logic devices manufactured by Altera and sold by 
Altera or its authorized distributors.  Please refer to the 
applicable agreement for further details.



+----------------------------------------------------------------------------------------+
; TimeQuest Timing Analyzer Summary                                                      ;
+--------------------+-------------------------------------------------------------------+
; Quartus II Version ; Version 13.0.1 Build 232 06/12/2013 Service Pack 1 SJ Web Edition ;
; Revision Name      ; wasmachien_block                                                  ;
; Device Family      ; MAX II                                                            ;
; Device Name        ; EPM1270F256C5ES                                                   ;
; Timing Models      ; Final                                                             ;
; Delay Model        ; Slow Model                                                        ;
; Rise/Fall Delays   ; Unavailable                                                       ;
+--------------------+-------------------------------------------------------------------+


Parallel compilation was disabled, but you have multiple processors available. Enable parallel compilation to reduce compilation time.
+-------------------------------------+
; Parallel Compilation                ;
+----------------------------+--------+
; Processors                 ; Number ;
+----------------------------+--------+
; Number detected on machine ; 16     ;
; Maximum allowed            ; 1      ;
+----------------------------+--------+


+------------------------------------------------------------------------------------------------------------------------------------------------------------------------------------------------------------+
; Clocks                                                                                                                                                                                                     ;
+----------------------+------+--------+------------+-------+-------+------------+-----------+-------------+-------+--------+-----------+------------+----------+--------+--------+--------------------------+
; Clock Name           ; Type ; Period ; Frequency  ; Rise  ; Fall  ; Duty Cycle ; Divide by ; Multiply by ; Phase ; Offset ; Edge List ; Edge Shift ; Inverted ; Master ; Source ; Targets                  ;
+----------------------+------+--------+------------+-------+-------+------------+-----------+-------------+-------+--------+-----------+------------+----------+--------+--------+--------------------------+
; centrifugeerkeuze[0] ; Base ; 1.000  ; 1000.0 MHz ; 0.000 ; 0.500 ;            ;           ;             ;       ;        ;           ;            ;          ;        ;        ; { centrifugeerkeuze[0] } ;
; clk                  ; Base ; 1.000  ; 1000.0 MHz ; 0.000 ; 0.500 ;            ;           ;             ;       ;        ;           ;            ;          ;        ;        ; { clk }                  ;
+----------------------+------+--------+------------+-------+-------+------------+-----------+-------------+-------+--------+-----------+------------+----------+--------+--------+--------------------------+


+--------------------------------------------------+
; Fmax Summary                                     ;
+------------+-----------------+------------+------+
; Fmax       ; Restricted Fmax ; Clock Name ; Note ;
+------------+-----------------+------------+------+
; 116.75 MHz ; 116.75 MHz      ; clk        ;      ;
+------------+-----------------+------------+------+
This panel reports FMAX for every clock in the design, regardless of the user-specified clock periods.  FMAX is only computed for paths where the source and destination registers or ports are driven by the same clock.  Paths of different clocks, including generated clocks, are ignored.  For paths between a clock and its inversion, FMAX is computed as if the rising and falling edges are scaled along with FMAX, such that the duty cycle (in terms of a percentage) is maintained. Altera recommends that you always use clock constraints and other slack reports for sign-off analysis.


+-----------------------------------------------+
; Setup Summary                                 ;
+----------------------+--------+---------------+
; Clock                ; Slack  ; End Point TNS ;
+----------------------+--------+---------------+
; clk                  ; -8.891 ; -210.435      ;
; centrifugeerkeuze[0] ; -2.487 ; -2.487        ;
+----------------------+--------+---------------+


+----------------------------------------------+
; Hold Summary                                 ;
+----------------------+-------+---------------+
; Clock                ; Slack ; End Point TNS ;
+----------------------+-------+---------------+
; centrifugeerkeuze[0] ; 0.333 ; 0.000         ;
; clk                  ; 1.541 ; 0.000         ;
+----------------------+-------+---------------+


--------------------
; Recovery Summary ;
--------------------
No paths to report.


-------------------
; Removal Summary ;
-------------------
No paths to report.


+-----------------------------------------------+
; Minimum Pulse Width Summary                   ;
+----------------------+--------+---------------+
; Clock                ; Slack  ; End Point TNS ;
+----------------------+--------+---------------+
; centrifugeerkeuze[0] ; -2.289 ; -2.289        ;
; clk                  ; -2.289 ; -2.289        ;
+----------------------+--------+---------------+


+----------------------------------------------------------------------------------------------------------------------------------------------------------------------------+
; Setup: 'clk'                                                                                                                                                               ;
+--------+------------------------------------------+------------------------------------------+----------------------+-------------+--------------+------------+------------+
; Slack  ; From Node                                ; To Node                                  ; Launch Clock         ; Latch Clock ; Relationship ; Clock Skew ; Data Delay ;
+--------+------------------------------------------+------------------------------------------+----------------------+-------------+--------------+------------+------------+
; -8.891 ; Trommel:U_1|Richting                     ; Trommel:U_1|csm_timer[4]                 ; centrifugeerkeuze[0] ; clk         ; 0.500        ; -3.804     ; 5.254      ;
; -8.889 ; Trommel:U_1|Richting                     ; Trommel:U_1|csm_timer[1]                 ; centrifugeerkeuze[0] ; clk         ; 0.500        ; -3.804     ; 5.252      ;
; -8.882 ; Trommel:U_1|Richting                     ; Trommel:U_1|csm_timer[5]                 ; centrifugeerkeuze[0] ; clk         ; 0.500        ; -3.804     ; 5.245      ;
; -8.745 ; Trommel:U_1|Richting                     ; Trommel:U_1|csm_timer[3]                 ; centrifugeerkeuze[0] ; clk         ; 0.500        ; -3.804     ; 5.108      ;
; -8.741 ; Trommel:U_1|Richting                     ; Trommel:U_1|csm_timer[0]                 ; centrifugeerkeuze[0] ; clk         ; 0.500        ; -3.804     ; 5.104      ;
; -8.472 ; Trommel:U_1|Richting                     ; Trommel:U_1|current_state.snelheidhoger3 ; centrifugeerkeuze[0] ; clk         ; 0.500        ; -3.804     ; 4.835      ;
; -7.741 ; Trommel:U_1|Richting                     ; Trommel:U_1|csm_timer[2]                 ; centrifugeerkeuze[0] ; clk         ; 0.500        ; -3.804     ; 4.104      ;
; -7.565 ; Trommel:U_1|csm_timer[3]                 ; Trommel:U_1|csm_timer[4]                 ; clk                  ; clk         ; 1.000        ; 0.000      ; 8.232      ;
; -7.563 ; Trommel:U_1|csm_timer[3]                 ; Trommel:U_1|csm_timer[1]                 ; clk                  ; clk         ; 1.000        ; 0.000      ; 8.230      ;
; -7.556 ; Trommel:U_1|csm_timer[3]                 ; Trommel:U_1|csm_timer[5]                 ; clk                  ; clk         ; 1.000        ; 0.000      ; 8.223      ;
; -7.423 ; Trommel:U_1|csm_timer[2]                 ; Trommel:U_1|csm_timer[4]                 ; clk                  ; clk         ; 1.000        ; 0.000      ; 8.090      ;
; -7.421 ; Trommel:U_1|csm_timer[2]                 ; Trommel:U_1|csm_timer[1]                 ; clk                  ; clk         ; 1.000        ; 0.000      ; 8.088      ;
; -7.414 ; Trommel:U_1|csm_timer[2]                 ; Trommel:U_1|csm_timer[5]                 ; clk                  ; clk         ; 1.000        ; 0.000      ; 8.081      ;
; -7.329 ; Trommel:U_1|csm_timer[3]                 ; Trommel:U_1|current_state.snelheidhoger3 ; clk                  ; clk         ; 1.000        ; 0.000      ; 7.996      ;
; -7.275 ; Trommel:U_1|csm_timer[3]                 ; Trommel:U_1|csm_timer[3]                 ; clk                  ; clk         ; 1.000        ; 0.000      ; 7.942      ;
; -7.271 ; Trommel:U_1|csm_timer[3]                 ; Trommel:U_1|csm_timer[0]                 ; clk                  ; clk         ; 1.000        ; 0.000      ; 7.938      ;
; -7.222 ; Trommel:U_1|csm_timer[4]                 ; Trommel:U_1|csm_timer[4]                 ; clk                  ; clk         ; 1.000        ; 0.000      ; 7.889      ;
; -7.220 ; Trommel:U_1|csm_timer[4]                 ; Trommel:U_1|csm_timer[1]                 ; clk                  ; clk         ; 1.000        ; 0.000      ; 7.887      ;
; -7.213 ; Trommel:U_1|csm_timer[4]                 ; Trommel:U_1|csm_timer[5]                 ; clk                  ; clk         ; 1.000        ; 0.000      ; 7.880      ;
; -7.187 ; Trommel:U_1|csm_timer[2]                 ; Trommel:U_1|current_state.snelheidhoger3 ; clk                  ; clk         ; 1.000        ; 0.000      ; 7.854      ;
; -7.133 ; Trommel:U_1|csm_timer[2]                 ; Trommel:U_1|csm_timer[3]                 ; clk                  ; clk         ; 1.000        ; 0.000      ; 7.800      ;
; -7.129 ; Trommel:U_1|csm_timer[2]                 ; Trommel:U_1|csm_timer[0]                 ; clk                  ; clk         ; 1.000        ; 0.000      ; 7.796      ;
; -6.986 ; Trommel:U_1|csm_timer[4]                 ; Trommel:U_1|current_state.snelheidhoger3 ; clk                  ; clk         ; 1.000        ; 0.000      ; 7.653      ;
; -6.932 ; Trommel:U_1|csm_timer[4]                 ; Trommel:U_1|csm_timer[3]                 ; clk                  ; clk         ; 1.000        ; 0.000      ; 7.599      ;
; -6.928 ; Trommel:U_1|csm_timer[4]                 ; Trommel:U_1|csm_timer[0]                 ; clk                  ; clk         ; 1.000        ; 0.000      ; 7.595      ;
; -6.886 ; Trommel:U_1|csm_timer[5]                 ; Trommel:U_1|csm_timer[4]                 ; clk                  ; clk         ; 1.000        ; 0.000      ; 7.553      ;
; -6.884 ; Trommel:U_1|csm_timer[5]                 ; Trommel:U_1|csm_timer[1]                 ; clk                  ; clk         ; 1.000        ; 0.000      ; 7.551      ;
; -6.877 ; Trommel:U_1|csm_timer[5]                 ; Trommel:U_1|csm_timer[5]                 ; clk                  ; clk         ; 1.000        ; 0.000      ; 7.544      ;
; -6.763 ; Trommel:U_1|csm_timer[1]                 ; Trommel:U_1|csm_timer[5]                 ; clk                  ; clk         ; 1.000        ; 0.000      ; 7.430      ;
; -6.763 ; Trommel:U_1|csm_timer[1]                 ; Trommel:U_1|csm_timer[4]                 ; clk                  ; clk         ; 1.000        ; 0.000      ; 7.430      ;
; -6.751 ; Trommel:U_1|Richting                     ; Trommel:U_1|current_state.snelheidhoger2 ; centrifugeerkeuze[0] ; clk         ; 0.500        ; -3.804     ; 3.114      ;
; -6.698 ; Trommel:U_1|csm_timer[0]                 ; Trommel:U_1|csm_timer[5]                 ; clk                  ; clk         ; 1.000        ; 0.000      ; 7.365      ;
; -6.698 ; Trommel:U_1|csm_timer[0]                 ; Trommel:U_1|csm_timer[4]                 ; clk                  ; clk         ; 1.000        ; 0.000      ; 7.365      ;
; -6.664 ; Trommel:U_1|csm_timer[1]                 ; Trommel:U_1|csm_timer[1]                 ; clk                  ; clk         ; 1.000        ; 0.000      ; 7.331      ;
; -6.655 ; Trommel:U_1|Richting                     ; Trommel:U_1|current_state.idle           ; centrifugeerkeuze[0] ; clk         ; 0.500        ; -3.804     ; 3.018      ;
; -6.650 ; Trommel:U_1|csm_timer[5]                 ; Trommel:U_1|current_state.snelheidhoger3 ; clk                  ; clk         ; 1.000        ; 0.000      ; 7.317      ;
; -6.596 ; Trommel:U_1|csm_timer[5]                 ; Trommel:U_1|csm_timer[3]                 ; clk                  ; clk         ; 1.000        ; 0.000      ; 7.263      ;
; -6.592 ; Trommel:U_1|csm_timer[5]                 ; Trommel:U_1|csm_timer[0]                 ; clk                  ; clk         ; 1.000        ; 0.000      ; 7.259      ;
; -6.450 ; Trommel:U_1|current_state.s0             ; Trommel:U_1|csm_timer[4]                 ; clk                  ; clk         ; 1.000        ; 0.000      ; 7.117      ;
; -6.448 ; Trommel:U_1|current_state.s0             ; Trommel:U_1|csm_timer[1]                 ; clk                  ; clk         ; 1.000        ; 0.000      ; 7.115      ;
; -6.441 ; Trommel:U_1|current_state.s0             ; Trommel:U_1|csm_timer[5]                 ; clk                  ; clk         ; 1.000        ; 0.000      ; 7.108      ;
; -6.430 ; Trommel:U_1|csm_timer[1]                 ; Trommel:U_1|current_state.snelheidhoger3 ; clk                  ; clk         ; 1.000        ; 0.000      ; 7.097      ;
; -6.427 ; Trommel:U_1|Richting                     ; Trommel:U_1|current_state.s5             ; centrifugeerkeuze[0] ; clk         ; 0.500        ; -3.804     ; 2.790      ;
; -6.420 ; Trommel:U_1|Richting                     ; Trommel:U_1|current_state.snel1200       ; centrifugeerkeuze[0] ; clk         ; 0.500        ; -3.804     ; 2.783      ;
; -6.419 ; Trommel:U_1|Richting                     ; Trommel:U_1|current_state.s8             ; centrifugeerkeuze[0] ; clk         ; 0.500        ; -3.804     ; 2.782      ;
; -6.412 ; Trommel:U_1|current_state.start          ; Trommel:U_1|csm_timer[4]                 ; clk                  ; clk         ; 1.000        ; 0.000      ; 7.079      ;
; -6.410 ; Trommel:U_1|current_state.start          ; Trommel:U_1|csm_timer[1]                 ; clk                  ; clk         ; 1.000        ; 0.000      ; 7.077      ;
; -6.403 ; Trommel:U_1|current_state.start          ; Trommel:U_1|csm_timer[5]                 ; clk                  ; clk         ; 1.000        ; 0.000      ; 7.070      ;
; -6.376 ; Trommel:U_1|csm_timer[1]                 ; Trommel:U_1|csm_timer[3]                 ; clk                  ; clk         ; 1.000        ; 0.000      ; 7.043      ;
; -6.372 ; Trommel:U_1|csm_timer[1]                 ; Trommel:U_1|csm_timer[0]                 ; clk                  ; clk         ; 1.000        ; 0.000      ; 7.039      ;
; -6.254 ; Trommel:U_1|current_state.snelheidhoger3 ; Trommel:U_1|csm_timer[4]                 ; clk                  ; clk         ; 1.000        ; 0.000      ; 6.921      ;
; -6.252 ; Trommel:U_1|current_state.snelheidhoger3 ; Trommel:U_1|csm_timer[1]                 ; clk                  ; clk         ; 1.000        ; 0.000      ; 6.919      ;
; -6.245 ; Trommel:U_1|current_state.snelheidhoger3 ; Trommel:U_1|csm_timer[5]                 ; clk                  ; clk         ; 1.000        ; 0.000      ; 6.912      ;
; -6.239 ; Trommel:U_1|csm_timer[0]                 ; Trommel:U_1|csm_timer[1]                 ; clk                  ; clk         ; 1.000        ; 0.000      ; 6.906      ;
; -6.160 ; Trommel:U_1|current_state.s0             ; Trommel:U_1|csm_timer[3]                 ; clk                  ; clk         ; 1.000        ; 0.000      ; 6.827      ;
; -6.156 ; Trommel:U_1|current_state.s0             ; Trommel:U_1|csm_timer[0]                 ; clk                  ; clk         ; 1.000        ; 0.000      ; 6.823      ;
; -6.122 ; Trommel:U_1|current_state.start          ; Trommel:U_1|csm_timer[3]                 ; clk                  ; clk         ; 1.000        ; 0.000      ; 6.789      ;
; -6.118 ; Trommel:U_1|current_state.start          ; Trommel:U_1|csm_timer[0]                 ; clk                  ; clk         ; 1.000        ; 0.000      ; 6.785      ;
; -6.005 ; Trommel:U_1|csm_timer[0]                 ; Trommel:U_1|current_state.snelheidhoger3 ; clk                  ; clk         ; 1.000        ; 0.000      ; 6.672      ;
; -5.988 ; Trommel:U_1|Richting                     ; Trommel:U_1|current_state.s3             ; centrifugeerkeuze[0] ; clk         ; 0.500        ; -3.804     ; 2.351      ;
; -5.964 ; Trommel:U_1|current_state.snelheidhoger3 ; Trommel:U_1|csm_timer[3]                 ; clk                  ; clk         ; 1.000        ; 0.000      ; 6.631      ;
; -5.960 ; Trommel:U_1|current_state.snelheidhoger3 ; Trommel:U_1|csm_timer[0]                 ; clk                  ; clk         ; 1.000        ; 0.000      ; 6.627      ;
; -5.951 ; Trommel:U_1|csm_timer[0]                 ; Trommel:U_1|csm_timer[3]                 ; clk                  ; clk         ; 1.000        ; 0.000      ; 6.618      ;
; -5.947 ; Trommel:U_1|csm_timer[0]                 ; Trommel:U_1|csm_timer[0]                 ; clk                  ; clk         ; 1.000        ; 0.000      ; 6.614      ;
; -5.922 ; Trommel:U_1|current_state.s5             ; Trommel:U_1|csm_timer[5]                 ; clk                  ; clk         ; 1.000        ; 0.000      ; 6.589      ;
; -5.920 ; Trommel:U_1|current_state.s5             ; Trommel:U_1|csm_timer[3]                 ; clk                  ; clk         ; 1.000        ; 0.000      ; 6.587      ;
; -5.916 ; Trommel:U_1|current_state.s5             ; Trommel:U_1|csm_timer[0]                 ; clk                  ; clk         ; 1.000        ; 0.000      ; 6.583      ;
; -5.915 ; Trommel:U_1|current_state.s5             ; Trommel:U_1|csm_timer[4]                 ; clk                  ; clk         ; 1.000        ; 0.000      ; 6.582      ;
; -5.793 ; Trommel:U_1|current_state.s3             ; Trommel:U_1|csm_timer[4]                 ; clk                  ; clk         ; 1.000        ; 0.000      ; 6.460      ;
; -5.791 ; Trommel:U_1|current_state.s3             ; Trommel:U_1|csm_timer[1]                 ; clk                  ; clk         ; 1.000        ; 0.000      ; 6.458      ;
; -5.784 ; Trommel:U_1|current_state.s3             ; Trommel:U_1|csm_timer[5]                 ; clk                  ; clk         ; 1.000        ; 0.000      ; 6.451      ;
; -5.692 ; Trommel:U_1|csm_timer[3]                 ; Trommel:U_1|current_state.s6             ; clk                  ; clk         ; 1.000        ; 0.000      ; 6.359      ;
; -5.620 ; Trommel:U_1|current_state.s5             ; Trommel:U_1|current_state.s6             ; clk                  ; clk         ; 1.000        ; 0.000      ; 6.287      ;
; -5.553 ; Trommel:U_1|current_state.s4             ; Trommel:U_1|csm_timer[5]                 ; clk                  ; clk         ; 1.000        ; 0.000      ; 6.220      ;
; -5.551 ; Trommel:U_1|current_state.s4             ; Trommel:U_1|csm_timer[3]                 ; clk                  ; clk         ; 1.000        ; 0.000      ; 6.218      ;
; -5.550 ; Trommel:U_1|csm_timer[2]                 ; Trommel:U_1|current_state.s6             ; clk                  ; clk         ; 1.000        ; 0.000      ; 6.217      ;
; -5.547 ; Trommel:U_1|current_state.s4             ; Trommel:U_1|csm_timer[0]                 ; clk                  ; clk         ; 1.000        ; 0.000      ; 6.214      ;
; -5.546 ; Trommel:U_1|current_state.s4             ; Trommel:U_1|csm_timer[4]                 ; clk                  ; clk         ; 1.000        ; 0.000      ; 6.213      ;
; -5.503 ; Trommel:U_1|current_state.s3             ; Trommel:U_1|csm_timer[3]                 ; clk                  ; clk         ; 1.000        ; 0.000      ; 6.170      ;
; -5.499 ; Trommel:U_1|current_state.s3             ; Trommel:U_1|csm_timer[0]                 ; clk                  ; clk         ; 1.000        ; 0.000      ; 6.166      ;
; -5.482 ; Trommel:U_1|current_state.snel1200       ; Trommel:U_1|csm_timer[5]                 ; clk                  ; clk         ; 1.000        ; 0.000      ; 6.149      ;
; -5.480 ; Trommel:U_1|current_state.snel1200       ; Trommel:U_1|csm_timer[3]                 ; clk                  ; clk         ; 1.000        ; 0.000      ; 6.147      ;
; -5.476 ; Trommel:U_1|current_state.snel1200       ; Trommel:U_1|csm_timer[0]                 ; clk                  ; clk         ; 1.000        ; 0.000      ; 6.143      ;
; -5.475 ; Trommel:U_1|current_state.snel1200       ; Trommel:U_1|csm_timer[4]                 ; clk                  ; clk         ; 1.000        ; 0.000      ; 6.142      ;
; -5.450 ; Trommel:U_1|Richting                     ; Trommel:U_1|current_state.s0             ; centrifugeerkeuze[0] ; clk         ; 0.500        ; -3.804     ; 1.813      ;
; -5.446 ; Trommel:U_1|current_state.s5             ; Trommel:U_1|csm_timer[1]                 ; clk                  ; clk         ; 1.000        ; 0.000      ; 6.113      ;
; -5.392 ; Trommel:U_1|csm_timer[1]                 ; Trommel:U_1|csm_timer[2]                 ; clk                  ; clk         ; 1.000        ; 0.000      ; 6.059      ;
; -5.370 ; Trommel:U_1|current_state.s8             ; Trommel:U_1|csm_timer[5]                 ; clk                  ; clk         ; 1.000        ; 0.000      ; 6.037      ;
; -5.368 ; Trommel:U_1|current_state.s8             ; Trommel:U_1|csm_timer[3]                 ; clk                  ; clk         ; 1.000        ; 0.000      ; 6.035      ;
; -5.364 ; Trommel:U_1|current_state.s8             ; Trommel:U_1|csm_timer[0]                 ; clk                  ; clk         ; 1.000        ; 0.000      ; 6.031      ;
; -5.363 ; Trommel:U_1|current_state.s8             ; Trommel:U_1|csm_timer[4]                 ; clk                  ; clk         ; 1.000        ; 0.000      ; 6.030      ;
; -5.349 ; Trommel:U_1|csm_timer[4]                 ; Trommel:U_1|current_state.s6             ; clk                  ; clk         ; 1.000        ; 0.000      ; 6.016      ;
; -5.327 ; Trommel:U_1|csm_timer[0]                 ; Trommel:U_1|csm_timer[2]                 ; clk                  ; clk         ; 1.000        ; 0.000      ; 5.994      ;
; -5.319 ; Trommel:U_1|current_state.snel1200       ; Trommel:U_1|csm_timer[2]                 ; clk                  ; clk         ; 1.000        ; 0.000      ; 5.986      ;
; -5.251 ; Trommel:U_1|current_state.s4             ; Trommel:U_1|current_state.s6             ; clk                  ; clk         ; 1.000        ; 0.000      ; 5.918      ;
; -5.227 ; centrifugeerkeuze[0]                     ; Trommel:U_1|csm_timer[4]                 ; centrifugeerkeuze[0] ; clk         ; 0.500        ; 3.819      ; 9.213      ;
; -5.225 ; centrifugeerkeuze[0]                     ; Trommel:U_1|csm_timer[1]                 ; centrifugeerkeuze[0] ; clk         ; 0.500        ; 3.819      ; 9.211      ;
; -5.218 ; centrifugeerkeuze[0]                     ; Trommel:U_1|csm_timer[5]                 ; centrifugeerkeuze[0] ; clk         ; 0.500        ; 3.819      ; 9.204      ;
; -5.128 ; Trommel:U_1|current_state.snel1200       ; Trommel:U_1|csm_timer[1]                 ; clk                  ; clk         ; 1.000        ; 0.000      ; 5.795      ;
; -5.116 ; Trommel:U_1|csm_timer[3]                 ; Trommel:U_1|current_state.s5             ; clk                  ; clk         ; 1.000        ; 0.000      ; 5.783      ;
+--------+------------------------------------------+------------------------------------------+----------------------+-------------+--------------+------------+------------+


+---------------------------------------------------------------------------------------------------------------------------------------------+
; Setup: 'centrifugeerkeuze[0]'                                                                                                               ;
+--------+------------------------------+----------------------+--------------+----------------------+--------------+------------+------------+
; Slack  ; From Node                    ; To Node              ; Launch Clock ; Latch Clock          ; Relationship ; Clock Skew ; Data Delay ;
+--------+------------------------------+----------------------+--------------+----------------------+--------------+------------+------------+
; -2.487 ; Trommel:U_1|csm_timer[3]     ; Trommel:U_1|Richting ; clk          ; centrifugeerkeuze[0] ; 0.500        ; 3.631      ; 4.548      ;
; -2.345 ; Trommel:U_1|csm_timer[2]     ; Trommel:U_1|Richting ; clk          ; centrifugeerkeuze[0] ; 0.500        ; 3.631      ; 4.406      ;
; -2.144 ; Trommel:U_1|csm_timer[4]     ; Trommel:U_1|Richting ; clk          ; centrifugeerkeuze[0] ; 0.500        ; 3.631      ; 4.205      ;
; -1.935 ; Trommel:U_1|current_state.s5 ; Trommel:U_1|Richting ; clk          ; centrifugeerkeuze[0] ; 0.500        ; 3.631      ; 3.996      ;
; -1.845 ; Trommel:U_1|csm_timer[1]     ; Trommel:U_1|Richting ; clk          ; centrifugeerkeuze[0] ; 0.500        ; 3.631      ; 3.906      ;
; -1.808 ; Trommel:U_1|csm_timer[5]     ; Trommel:U_1|Richting ; clk          ; centrifugeerkeuze[0] ; 0.500        ; 3.631      ; 3.869      ;
; -1.754 ; Trommel:U_1|current_state.s3 ; Trommel:U_1|Richting ; clk          ; centrifugeerkeuze[0] ; 0.500        ; 3.631      ; 3.815      ;
; -1.649 ; Trommel:U_1|csm_timer[0]     ; Trommel:U_1|Richting ; clk          ; centrifugeerkeuze[0] ; 0.500        ; 3.631      ; 3.710      ;
; -1.629 ; Trommel:U_1|current_state.s8 ; Trommel:U_1|Richting ; clk          ; centrifugeerkeuze[0] ; 0.500        ; 3.631      ; 3.690      ;
; -1.576 ; Trommel:U_1|current_state.s0 ; Trommel:U_1|Richting ; clk          ; centrifugeerkeuze[0] ; 0.500        ; 3.631      ; 3.637      ;
+--------+------------------------------+----------------------+--------------+----------------------+--------------+------------+------------+


+--------------------------------------------------------------------------------------------------------------------------------------------+
; Hold: 'centrifugeerkeuze[0]'                                                                                                               ;
+-------+------------------------------+----------------------+--------------+----------------------+--------------+------------+------------+
; Slack ; From Node                    ; To Node              ; Launch Clock ; Latch Clock          ; Relationship ; Clock Skew ; Data Delay ;
+-------+------------------------------+----------------------+--------------+----------------------+--------------+------------+------------+
; 0.333 ; Trommel:U_1|current_state.s0 ; Trommel:U_1|Richting ; clk          ; centrifugeerkeuze[0] ; -0.500       ; 3.804      ; 3.637      ;
; 0.386 ; Trommel:U_1|current_state.s8 ; Trommel:U_1|Richting ; clk          ; centrifugeerkeuze[0] ; -0.500       ; 3.804      ; 3.690      ;
; 0.406 ; Trommel:U_1|csm_timer[0]     ; Trommel:U_1|Richting ; clk          ; centrifugeerkeuze[0] ; -0.500       ; 3.804      ; 3.710      ;
; 0.511 ; Trommel:U_1|current_state.s3 ; Trommel:U_1|Richting ; clk          ; centrifugeerkeuze[0] ; -0.500       ; 3.804      ; 3.815      ;
; 0.565 ; Trommel:U_1|csm_timer[5]     ; Trommel:U_1|Richting ; clk          ; centrifugeerkeuze[0] ; -0.500       ; 3.804      ; 3.869      ;
; 0.602 ; Trommel:U_1|csm_timer[1]     ; Trommel:U_1|Richting ; clk          ; centrifugeerkeuze[0] ; -0.500       ; 3.804      ; 3.906      ;
; 0.692 ; Trommel:U_1|current_state.s5 ; Trommel:U_1|Richting ; clk          ; centrifugeerkeuze[0] ; -0.500       ; 3.804      ; 3.996      ;
; 0.901 ; Trommel:U_1|csm_timer[4]     ; Trommel:U_1|Richting ; clk          ; centrifugeerkeuze[0] ; -0.500       ; 3.804      ; 4.205      ;
; 1.102 ; Trommel:U_1|csm_timer[2]     ; Trommel:U_1|Richting ; clk          ; centrifugeerkeuze[0] ; -0.500       ; 3.804      ; 4.406      ;
; 1.244 ; Trommel:U_1|csm_timer[3]     ; Trommel:U_1|Richting ; clk          ; centrifugeerkeuze[0] ; -0.500       ; 3.804      ; 4.548      ;
+-------+------------------------------+----------------------+--------------+----------------------+--------------+------------+------------+


+---------------------------------------------------------------------------------------------------------------------------------------------------------------------------+
; Hold: 'clk'                                                                                                                                                               ;
+-------+------------------------------------------+------------------------------------------+----------------------+-------------+--------------+------------+------------+
; Slack ; From Node                                ; To Node                                  ; Launch Clock         ; Latch Clock ; Relationship ; Clock Skew ; Data Delay ;
+-------+------------------------------------------+------------------------------------------+----------------------+-------------+--------------+------------+------------+
; 1.541 ; centrifugeerkeuze[0]                     ; Wassen:U_2|current_state.s3              ; centrifugeerkeuze[0] ; clk         ; 0.000        ; 3.819      ; 5.581      ;
; 1.670 ; Master:U_0|current_state.started         ; Master:U_0|current_state.started         ; clk                  ; clk         ; 0.000        ; 0.000      ; 1.891      ;
; 1.690 ; Wassen:U_2|current_state.s1              ; Wassen:U_2|current_state.s3              ; clk                  ; clk         ; 0.000        ; 0.000      ; 1.911      ;
; 1.693 ; Master:U_0|current_state.proces          ; Master:U_0|current_state.wait_s          ; clk                  ; clk         ; 0.000        ; 0.000      ; 1.914      ;
; 1.704 ; Wassen:U_2|current_state.s15             ; Wassen:U_2|current_state.s19             ; clk                  ; clk         ; 0.000        ; 0.000      ; 1.925      ;
; 1.708 ; Verwarming:U_3|current_state             ; Verwarming:U_3|current_state             ; clk                  ; clk         ; 0.000        ; 0.000      ; 1.929      ;
; 1.775 ; Toevoer:U_6|current_state                ; Toevoer:U_6|current_state                ; clk                  ; clk         ; 0.000        ; 0.000      ; 1.996      ;
; 1.795 ; Toevoer:U_6|current_state                ; Wassen:U_2|current_state.s14             ; clk                  ; clk         ; 0.000        ; 0.000      ; 2.016      ;
; 1.796 ; Toevoer:U_6|current_state                ; Wassen:U_2|current_state.s24             ; clk                  ; clk         ; 0.000        ; 0.000      ; 2.017      ;
; 1.799 ; Toevoer:U_6|current_state                ; Wassen:U_2|current_state.s12             ; clk                  ; clk         ; 0.000        ; 0.000      ; 2.020      ;
; 1.833 ; centrifugeerkeuze[0]                     ; Trommel:U_1|current_state.snel1200       ; centrifugeerkeuze[0] ; clk         ; 0.000        ; 3.819      ; 5.873      ;
; 1.930 ; Trommel:U_1|current_state.standkeuze     ; Trommel:U_1|current_state.s4             ; clk                  ; clk         ; 0.000        ; 0.000      ; 2.151      ;
; 1.931 ; Trommel:U_1|current_state.standkeuze     ; Trommel:U_1|current_state.start          ; clk                  ; clk         ; 0.000        ; 0.000      ; 2.152      ;
; 1.941 ; Wassen:U_2|current_state.w_trommel1      ; Wassen:U_2|current_state.w_trommel1      ; clk                  ; clk         ; 0.000        ; 0.000      ; 2.162      ;
; 1.943 ; Trommel:U_1|current_state.idle           ; Trommel:U_1|current_state.standkeuze     ; clk                  ; clk         ; 0.000        ; 0.000      ; 2.164      ;
; 1.945 ; Trommel:U_1|current_state.idle           ; Wassen:U_2|current_state.centr_1         ; clk                  ; clk         ; 0.000        ; 0.000      ; 2.166      ;
; 1.950 ; Wassen:U_2|current_state.s12             ; Wassen:U_2|current_state.s12             ; clk                  ; clk         ; 0.000        ; 0.000      ; 2.171      ;
; 1.954 ; Wassen:U_2|current_state.eind            ; Master:U_0|current_state.prg_done        ; clk                  ; clk         ; 0.000        ; 0.000      ; 2.175      ;
; 1.954 ; Master:U_0|current_state.wait_s          ; Wassen:U_2|current_state.s0              ; clk                  ; clk         ; 0.000        ; 0.000      ; 2.175      ;
; 1.954 ; Wassen:U_2|current_state.s_t_hoog1       ; Wassen:U_2|current_state.s_t_hoog1       ; clk                  ; clk         ; 0.000        ; 0.000      ; 2.175      ;
; 1.958 ; Afpompen:U_5|current_state               ; Afpompen:U_5|current_state               ; clk                  ; clk         ; 0.000        ; 0.000      ; 2.179      ;
; 1.963 ; Wassen:U_2|current_state.s23             ; Wassen:U_2|current_state.s23             ; clk                  ; clk         ; 0.000        ; 0.000      ; 2.184      ;
; 1.963 ; Wassen:U_2|current_state.s5              ; Wassen:U_2|current_state.s5              ; clk                  ; clk         ; 0.000        ; 0.000      ; 2.184      ;
; 1.963 ; Wassen:U_2|current_state.s12             ; Wassen:U_2|current_state.w_trommel2      ; clk                  ; clk         ; 0.000        ; 0.000      ; 2.184      ;
; 1.965 ; Wassen:U_2|current_state.eind            ; Master:U_0|current_state.L_status        ; clk                  ; clk         ; 0.000        ; 0.000      ; 2.186      ;
; 1.965 ; Wassen:U_2|current_state.s0              ; Master:U_0|current_state.wait_s          ; clk                  ; clk         ; 0.000        ; 0.000      ; 2.186      ;
; 1.966 ; Wassen:U_2|current_state.eind            ; Master:U_0|current_state.started         ; clk                  ; clk         ; 0.000        ; 0.000      ; 2.187      ;
; 1.968 ; Wassen:U_2|current_state.s23             ; Wassen:U_2|current_state.s24             ; clk                  ; clk         ; 0.000        ; 0.000      ; 2.189      ;
; 1.968 ; Afpompen:U_5|current_state               ; Wassen:U_2|current_state.s15             ; clk                  ; clk         ; 0.000        ; 0.000      ; 2.189      ;
; 1.974 ; Afpompen:U_5|current_state               ; Wassen:U_2|current_state.s14             ; clk                  ; clk         ; 0.000        ; 0.000      ; 2.195      ;
; 1.976 ; Afpompen:U_5|current_state               ; Wassen:U_2|current_state.s19             ; clk                  ; clk         ; 0.000        ; 0.000      ; 2.197      ;
; 1.983 ; Wassen:U_2|current_state.keuze           ; Wassen:U_2|current_state.s8              ; clk                  ; clk         ; 0.000        ; 0.000      ; 2.204      ;
; 1.988 ; Master:U_0|current_state.unlock          ; Master:U_0|current_state.pow_on          ; clk                  ; clk         ; 0.000        ; 0.000      ; 2.209      ;
; 2.010 ; Master:U_0|current_state.pow_on          ; Master:U_0|current_state.unlock          ; clk                  ; clk         ; 0.000        ; 0.000      ; 2.231      ;
; 2.011 ; Master:U_0|current_state.pow_on          ; Master:U_0|current_state.proces          ; clk                  ; clk         ; 0.000        ; 0.000      ; 2.232      ;
; 2.041 ; centrifugeerkeuze[0]                     ; Wassen:U_2|current_state.s3              ; centrifugeerkeuze[0] ; clk         ; -0.500       ; 3.819      ; 5.581      ;
; 2.065 ; Trommel:U_1|current_state.idle           ; Wassen:U_2|current_state.eind            ; clk                  ; clk         ; 0.000        ; 0.000      ; 2.286      ;
; 2.107 ; Wassen:U_2|current_state.centr_1         ; Wassen:U_2|current_state.centr_1         ; clk                  ; clk         ; 0.000        ; 0.000      ; 2.328      ;
; 2.125 ; Trommel:U_1|current_state.s6             ; Trommel:U_1|current_state.s6             ; clk                  ; clk         ; 0.000        ; 0.000      ; 2.346      ;
; 2.144 ; Wassen:U_2|current_state.s19             ; Wassen:U_2|current_state.s19             ; clk                  ; clk         ; 0.000        ; 0.000      ; 2.365      ;
; 2.146 ; Trommel:U_1|current_state.idle           ; Trommel:U_1|current_state.idle           ; clk                  ; clk         ; 0.000        ; 0.000      ; 2.367      ;
; 2.151 ; Master:U_0|current_state.wait_s          ; Master:U_0|current_state.wait_s          ; clk                  ; clk         ; 0.000        ; 0.000      ; 2.372      ;
; 2.152 ; Trommel:U_1|current_state.snel1200       ; Trommel:U_1|current_state.snel1200       ; clk                  ; clk         ; 0.000        ; 0.000      ; 2.373      ;
; 2.160 ; Wassen:U_2|current_state.s0              ; Wassen:U_2|current_state.s0              ; clk                  ; clk         ; 0.000        ; 0.000      ; 2.381      ;
; 2.161 ; Wassen:U_2|current_state.centr_0         ; Wassen:U_2|current_state.centr_0         ; clk                  ; clk         ; 0.000        ; 0.000      ; 2.382      ;
; 2.176 ; Master:U_0|current_state.idle            ; Master:U_0|current_state.pow_on          ; clk                  ; clk         ; 0.000        ; 0.000      ; 2.397      ;
; 2.178 ; Master:U_0|current_state.L_status        ; Master:U_0|current_state.L_status        ; clk                  ; clk         ; 0.000        ; 0.000      ; 2.399      ;
; 2.185 ; Master:U_0|current_state.L_status        ; Master:U_0|current_state.prg_done        ; clk                  ; clk         ; 0.000        ; 0.000      ; 2.406      ;
; 2.185 ; Verwarming:U_3|current_state             ; Wassen:U_2|current_state.s_t_hoog1       ; clk                  ; clk         ; 0.000        ; 0.000      ; 2.406      ;
; 2.200 ; Wassen:U_2|current_state.s14             ; Wassen:U_2|current_state.s14             ; clk                  ; clk         ; 0.000        ; 0.000      ; 2.421      ;
; 2.204 ; Wassen:U_2|current_state.s14             ; Wassen:U_2|current_state.s12             ; clk                  ; clk         ; 0.000        ; 0.000      ; 2.425      ;
; 2.209 ; Wassen:U_2|current_state.s14             ; Toevoer:U_6|current_state                ; clk                  ; clk         ; 0.000        ; 0.000      ; 2.430      ;
; 2.241 ; Toevoer:U_6|current_state                ; Wassen:U_2|current_state.w_trommel2      ; clk                  ; clk         ; 0.000        ; 0.000      ; 2.462      ;
; 2.242 ; Trommel:U_1|current_state.snelheidhoger2 ; Trommel:U_1|current_state.snelheidhoger2 ; clk                  ; clk         ; 0.000        ; 0.000      ; 2.463      ;
; 2.243 ; Master:U_0|current_state.started         ; Master:U_0|current_state.L_status        ; clk                  ; clk         ; 0.000        ; 0.000      ; 2.464      ;
; 2.247 ; Toevoer:U_6|current_state                ; Wassen:U_2|current_state.s23             ; clk                  ; clk         ; 0.000        ; 0.000      ; 2.468      ;
; 2.252 ; Wassen:U_2|current_state.wassen1         ; Wassen:U_2|current_state.s_verwarm1      ; clk                  ; clk         ; 0.000        ; 0.000      ; 2.473      ;
; 2.258 ; Toevoer:U_6|current_state                ; Wassen:U_2|current_state.w_trommel1      ; clk                  ; clk         ; 0.000        ; 0.000      ; 2.479      ;
; 2.260 ; Trommel:U_1|current_state.snelheidhoger3 ; Trommel:U_1|current_state.snel1200       ; clk                  ; clk         ; 0.000        ; 0.000      ; 2.481      ;
; 2.262 ; Wassen:U_2|current_state.s24             ; Wassen:U_2|current_state.s24             ; clk                  ; clk         ; 0.000        ; 0.000      ; 2.483      ;
; 2.263 ; Wassen:U_2|current_state.s24             ; Wassen:U_2|current_state.w_trommel1      ; clk                  ; clk         ; 0.000        ; 0.000      ; 2.484      ;
; 2.274 ; Wassen:U_2|current_state.s15             ; Wassen:U_2|current_state.s15             ; clk                  ; clk         ; 0.000        ; 0.000      ; 2.495      ;
; 2.275 ; Wassen:U_2|current_state.s_t_hoog1       ; Wassen:U_2|current_state.wassen1         ; clk                  ; clk         ; 0.000        ; 0.000      ; 2.496      ;
; 2.276 ; Wassen:U_2|current_state.s15             ; Afpompen:U_5|current_state               ; clk                  ; clk         ; 0.000        ; 0.000      ; 2.497      ;
; 2.283 ; Wassen:U_2|current_state.s23             ; Toevoer:U_6|current_state                ; clk                  ; clk         ; 0.000        ; 0.000      ; 2.504      ;
; 2.301 ; Wassen:U_2|current_state.keuze           ; Wassen:U_2|current_state.keuze           ; clk                  ; clk         ; 0.000        ; 0.000      ; 2.522      ;
; 2.305 ; Wassen:U_2|current_state.sSpoelen        ; Wassen:U_2|current_state.sSpoelen        ; clk                  ; clk         ; 0.000        ; 0.000      ; 2.526      ;
; 2.307 ; Wassen:U_2|current_state.s_verwarm1      ; Wassen:U_2|current_state.s_t_hoog1       ; clk                  ; clk         ; 0.000        ; 0.000      ; 2.528      ;
; 2.309 ; Wassen:U_2|current_state.s3              ; Wassen:U_2|current_state.s8              ; clk                  ; clk         ; 0.000        ; 0.000      ; 2.530      ;
; 2.310 ; Wassen:U_2|current_state.s_verwarm1      ; Verwarming:U_3|current_state             ; clk                  ; clk         ; 0.000        ; 0.000      ; 2.531      ;
; 2.312 ; Wassen:U_2|current_state.sSpoelen        ; Wassen:U_2|current_state.s1              ; clk                  ; clk         ; 0.000        ; 0.000      ; 2.533      ;
; 2.324 ; Master:U_0|current_state.pow_on          ; Master:U_0|current_state.pow_on          ; clk                  ; clk         ; 0.000        ; 0.000      ; 2.545      ;
; 2.327 ; Wassen:U_2|current_state.centr_1         ; Wassen:U_2|current_state.eind            ; clk                  ; clk         ; 0.000        ; 0.000      ; 2.548      ;
; 2.333 ; centrifugeerkeuze[0]                     ; Trommel:U_1|current_state.snel1200       ; centrifugeerkeuze[0] ; clk         ; -0.500       ; 3.819      ; 5.873      ;
; 2.348 ; Wassen:U_2|current_state.keuze2          ; Wassen:U_2|current_state.keuze2          ; clk                  ; clk         ; 0.000        ; 0.000      ; 2.569      ;
; 2.462 ; centrifugeerkeuze[0]                     ; Wassen:U_2|current_state.centr_0         ; centrifugeerkeuze[0] ; clk         ; 0.000        ; 3.819      ; 6.502      ;
; 2.470 ; centrifugeerkeuze[0]                     ; Wassen:U_2|current_state.keuze2          ; centrifugeerkeuze[0] ; clk         ; 0.000        ; 3.819      ; 6.510      ;
; 2.567 ; Wassen:U_2|current_state.s0              ; Master:U_0|current_state.proces          ; clk                  ; clk         ; 0.000        ; 0.000      ; 2.788      ;
; 2.598 ; centrifugeerkeuze[0]                     ; Wassen:U_2|current_state.keuze           ; centrifugeerkeuze[0] ; clk         ; 0.000        ; 3.819      ; 6.638      ;
; 2.601 ; centrifugeerkeuze[0]                     ; Wassen:U_2|current_state.s1              ; centrifugeerkeuze[0] ; clk         ; 0.000        ; 3.819      ; 6.641      ;
; 2.620 ; Wassen:U_2|current_state.s1              ; Wassen:U_2|current_state.keuze           ; clk                  ; clk         ; 0.000        ; 0.000      ; 2.841      ;
; 2.622 ; Wassen:U_2|current_state.w_trommel2      ; Wassen:U_2|current_state.w_trommel2      ; clk                  ; clk         ; 0.000        ; 0.000      ; 2.843      ;
; 2.623 ; Wassen:U_2|current_state.s1              ; Wassen:U_2|current_state.s1              ; clk                  ; clk         ; 0.000        ; 0.000      ; 2.844      ;
; 2.624 ; Wassen:U_2|current_state.s19             ; Wassen:U_2|current_state.s14             ; clk                  ; clk         ; 0.000        ; 0.000      ; 2.845      ;
; 2.626 ; centrifugeerkeuze[0]                     ; Trommel:U_1|current_state.s0             ; centrifugeerkeuze[0] ; clk         ; 0.000        ; 3.819      ; 6.666      ;
; 2.683 ; Trommel:U_1|current_state.s6             ; Trommel:U_1|current_state.s8             ; clk                  ; clk         ; 0.000        ; 0.000      ; 2.904      ;
; 2.693 ; Trommel:U_1|current_state.s6             ; Trommel:U_1|current_state.s5             ; clk                  ; clk         ; 0.000        ; 0.000      ; 2.914      ;
; 2.717 ; Wassen:U_2|current_state.s2              ; Wassen:U_2|current_state.s23             ; clk                  ; clk         ; 0.000        ; 0.000      ; 2.938      ;
; 2.737 ; Afpompen:U_5|current_state               ; Wassen:U_2|current_state.s5              ; clk                  ; clk         ; 0.000        ; 0.000      ; 2.958      ;
; 2.737 ; Master:U_0|current_state.proces          ; Master:U_0|current_state.proces          ; clk                  ; clk         ; 0.000        ; 0.000      ; 2.958      ;
; 2.744 ; centrifugeerkeuze[0]                     ; Trommel:U_1|current_state.snelheidhoger2 ; centrifugeerkeuze[0] ; clk         ; 0.000        ; 3.819      ; 6.784      ;
; 2.770 ; Wassen:U_2|current_state.w_trommel2      ; Trommel:U_1|current_state.standkeuze     ; clk                  ; clk         ; 0.000        ; 0.000      ; 2.991      ;
; 2.778 ; centrifugeerkeuze[0]                     ; Trommel:U_1|current_state.snelheidhoger3 ; centrifugeerkeuze[0] ; clk         ; 0.000        ; 3.819      ; 6.818      ;
; 2.785 ; Wassen:U_2|current_state.s8              ; Afpompen:U_5|current_state               ; clk                  ; clk         ; 0.000        ; 0.000      ; 3.006      ;
; 2.843 ; Wassen:U_2|current_state.centr_0         ; Trommel:U_1|current_state.s4             ; clk                  ; clk         ; 0.000        ; 0.000      ; 3.064      ;
; 2.846 ; centrifugeerkeuze[0]                     ; Trommel:U_1|csm_timer[2]                 ; centrifugeerkeuze[0] ; clk         ; 0.000        ; 3.819      ; 6.886      ;
; 2.855 ; Wassen:U_2|current_state.centr_0         ; Trommel:U_1|current_state.start          ; clk                  ; clk         ; 0.000        ; 0.000      ; 3.076      ;
; 2.878 ; Trommel:U_1|current_state.snelheidhoger3 ; Trommel:U_1|current_state.snelheidhoger3 ; clk                  ; clk         ; 0.000        ; 0.000      ; 3.099      ;
; 2.888 ; Trommel:U_1|current_state.s0             ; Trommel:U_1|current_state.s0             ; clk                  ; clk         ; 0.000        ; 0.000      ; 3.109      ;
; 2.892 ; Wassen:U_2|current_state.eind            ; Wassen:U_2|current_state.s0              ; clk                  ; clk         ; 0.000        ; 0.000      ; 3.113      ;
+-------+------------------------------------------+------------------------------------------+----------------------+-------------+--------------+------------+------------+


+------------------------------------------------------------------------------------------------------------------------------+
; Minimum Pulse Width: 'centrifugeerkeuze[0]'                                                                                  ;
+--------+--------------+----------------+------------------+----------------------+------------+------------------------------+
; Slack  ; Actual Width ; Required Width ; Type             ; Clock                ; Clock Edge ; Target                       ;
+--------+--------------+----------------+------------------+----------------------+------------+------------------------------+
; -2.289 ; 1.000        ; 3.289          ; Port Rate        ; centrifugeerkeuze[0] ; Rise       ; centrifugeerkeuze[0]         ;
; 0.327  ; 0.327        ; 0.000          ; High Pulse Width ; centrifugeerkeuze[0] ; Fall       ; Trommel:U_1|Richting         ;
; 0.327  ; 0.327        ; 0.000          ; Low Pulse Width  ; centrifugeerkeuze[0] ; Fall       ; Trommel:U_1|Richting         ;
; 0.327  ; 0.327        ; 0.000          ; High Pulse Width ; centrifugeerkeuze[0] ; Rise       ; U_1|Richting|datab           ;
; 0.327  ; 0.327        ; 0.000          ; Low Pulse Width  ; centrifugeerkeuze[0] ; Rise       ; U_1|Richting|datab           ;
; 0.327  ; 0.327        ; 0.000          ; High Pulse Width ; centrifugeerkeuze[0] ; Rise       ; U_1|Selector13~1|combout     ;
; 0.327  ; 0.327        ; 0.000          ; Low Pulse Width  ; centrifugeerkeuze[0] ; Rise       ; U_1|Selector13~1|combout     ;
; 0.500  ; 0.500        ; 0.000          ; High Pulse Width ; centrifugeerkeuze[0] ; Rise       ; U_1|Selector13~1|dataa       ;
; 0.500  ; 0.500        ; 0.000          ; Low Pulse Width  ; centrifugeerkeuze[0] ; Rise       ; U_1|Selector13~1|dataa       ;
; 0.500  ; 0.500        ; 0.000          ; High Pulse Width ; centrifugeerkeuze[0] ; Rise       ; U_1|Selector13~1|datad       ;
; 0.500  ; 0.500        ; 0.000          ; Low Pulse Width  ; centrifugeerkeuze[0] ; Rise       ; U_1|Selector13~1|datad       ;
; 0.500  ; 0.500        ; 0.000          ; High Pulse Width ; centrifugeerkeuze[0] ; Rise       ; U_1|Selector5~5|combout      ;
; 0.500  ; 0.500        ; 0.000          ; Low Pulse Width  ; centrifugeerkeuze[0] ; Rise       ; U_1|Selector5~5|combout      ;
; 0.500  ; 0.500        ; 0.000          ; High Pulse Width ; centrifugeerkeuze[0] ; Rise       ; U_1|Selector5~5|datab        ;
; 0.500  ; 0.500        ; 0.000          ; Low Pulse Width  ; centrifugeerkeuze[0] ; Rise       ; U_1|Selector5~5|datab        ;
; 0.500  ; 0.500        ; 0.000          ; High Pulse Width ; centrifugeerkeuze[0] ; Rise       ; U_1|Selector6~2|combout      ;
; 0.500  ; 0.500        ; 0.000          ; Low Pulse Width  ; centrifugeerkeuze[0] ; Rise       ; U_1|Selector6~2|combout      ;
; 0.500  ; 0.500        ; 0.000          ; High Pulse Width ; centrifugeerkeuze[0] ; Rise       ; U_1|Selector6~2|datad        ;
; 0.500  ; 0.500        ; 0.000          ; Low Pulse Width  ; centrifugeerkeuze[0] ; Rise       ; U_1|Selector6~2|datad        ;
; 0.500  ; 0.500        ; 0.000          ; High Pulse Width ; centrifugeerkeuze[0] ; Rise       ; centrifugeerkeuze[0]|combout ;
; 0.500  ; 0.500        ; 0.000          ; Low Pulse Width  ; centrifugeerkeuze[0] ; Rise       ; centrifugeerkeuze[0]|combout ;
+--------+--------------+----------------+------------------+----------------------+------------+------------------------------+


+---------------------------------------------------------------------------------------------------------------------------+
; Minimum Pulse Width: 'clk'                                                                                                ;
+--------+--------------+----------------+------------------+-------+------------+------------------------------------------+
; Slack  ; Actual Width ; Required Width ; Type             ; Clock ; Clock Edge ; Target                                   ;
+--------+--------------+----------------+------------------+-------+------------+------------------------------------------+
; -2.289 ; 1.000        ; 3.289          ; Port Rate        ; clk   ; Rise       ; clk                                      ;
; 0.234  ; 0.500        ; 0.266          ; High Pulse Width ; clk   ; Rise       ; Afpompen:U_5|current_state               ;
; 0.234  ; 0.500        ; 0.266          ; Low Pulse Width  ; clk   ; Rise       ; Afpompen:U_5|current_state               ;
; 0.234  ; 0.500        ; 0.266          ; High Pulse Width ; clk   ; Rise       ; Master:U_0|current_state.L_status        ;
; 0.234  ; 0.500        ; 0.266          ; Low Pulse Width  ; clk   ; Rise       ; Master:U_0|current_state.L_status        ;
; 0.234  ; 0.500        ; 0.266          ; High Pulse Width ; clk   ; Rise       ; Master:U_0|current_state.idle            ;
; 0.234  ; 0.500        ; 0.266          ; Low Pulse Width  ; clk   ; Rise       ; Master:U_0|current_state.idle            ;
; 0.234  ; 0.500        ; 0.266          ; High Pulse Width ; clk   ; Rise       ; Master:U_0|current_state.pow_on          ;
; 0.234  ; 0.500        ; 0.266          ; Low Pulse Width  ; clk   ; Rise       ; Master:U_0|current_state.pow_on          ;
; 0.234  ; 0.500        ; 0.266          ; High Pulse Width ; clk   ; Rise       ; Master:U_0|current_state.prg_done        ;
; 0.234  ; 0.500        ; 0.266          ; Low Pulse Width  ; clk   ; Rise       ; Master:U_0|current_state.prg_done        ;
; 0.234  ; 0.500        ; 0.266          ; High Pulse Width ; clk   ; Rise       ; Master:U_0|current_state.proces          ;
; 0.234  ; 0.500        ; 0.266          ; Low Pulse Width  ; clk   ; Rise       ; Master:U_0|current_state.proces          ;
; 0.234  ; 0.500        ; 0.266          ; High Pulse Width ; clk   ; Rise       ; Master:U_0|current_state.started         ;
; 0.234  ; 0.500        ; 0.266          ; Low Pulse Width  ; clk   ; Rise       ; Master:U_0|current_state.started         ;
; 0.234  ; 0.500        ; 0.266          ; High Pulse Width ; clk   ; Rise       ; Master:U_0|current_state.unlock          ;
; 0.234  ; 0.500        ; 0.266          ; Low Pulse Width  ; clk   ; Rise       ; Master:U_0|current_state.unlock          ;
; 0.234  ; 0.500        ; 0.266          ; High Pulse Width ; clk   ; Rise       ; Master:U_0|current_state.wait_s          ;
; 0.234  ; 0.500        ; 0.266          ; Low Pulse Width  ; clk   ; Rise       ; Master:U_0|current_state.wait_s          ;
; 0.234  ; 0.500        ; 0.266          ; High Pulse Width ; clk   ; Rise       ; Toevoer:U_6|current_state                ;
; 0.234  ; 0.500        ; 0.266          ; Low Pulse Width  ; clk   ; Rise       ; Toevoer:U_6|current_state                ;
; 0.234  ; 0.500        ; 0.266          ; High Pulse Width ; clk   ; Rise       ; Trommel:U_1|csm_timer[0]                 ;
; 0.234  ; 0.500        ; 0.266          ; Low Pulse Width  ; clk   ; Rise       ; Trommel:U_1|csm_timer[0]                 ;
; 0.234  ; 0.500        ; 0.266          ; High Pulse Width ; clk   ; Rise       ; Trommel:U_1|csm_timer[1]                 ;
; 0.234  ; 0.500        ; 0.266          ; Low Pulse Width  ; clk   ; Rise       ; Trommel:U_1|csm_timer[1]                 ;
; 0.234  ; 0.500        ; 0.266          ; High Pulse Width ; clk   ; Rise       ; Trommel:U_1|csm_timer[2]                 ;
; 0.234  ; 0.500        ; 0.266          ; Low Pulse Width  ; clk   ; Rise       ; Trommel:U_1|csm_timer[2]                 ;
; 0.234  ; 0.500        ; 0.266          ; High Pulse Width ; clk   ; Rise       ; Trommel:U_1|csm_timer[3]                 ;
; 0.234  ; 0.500        ; 0.266          ; Low Pulse Width  ; clk   ; Rise       ; Trommel:U_1|csm_timer[3]                 ;
; 0.234  ; 0.500        ; 0.266          ; High Pulse Width ; clk   ; Rise       ; Trommel:U_1|csm_timer[4]                 ;
; 0.234  ; 0.500        ; 0.266          ; Low Pulse Width  ; clk   ; Rise       ; Trommel:U_1|csm_timer[4]                 ;
; 0.234  ; 0.500        ; 0.266          ; High Pulse Width ; clk   ; Rise       ; Trommel:U_1|csm_timer[5]                 ;
; 0.234  ; 0.500        ; 0.266          ; Low Pulse Width  ; clk   ; Rise       ; Trommel:U_1|csm_timer[5]                 ;
; 0.234  ; 0.500        ; 0.266          ; High Pulse Width ; clk   ; Rise       ; Trommel:U_1|current_state.idle           ;
; 0.234  ; 0.500        ; 0.266          ; Low Pulse Width  ; clk   ; Rise       ; Trommel:U_1|current_state.idle           ;
; 0.234  ; 0.500        ; 0.266          ; High Pulse Width ; clk   ; Rise       ; Trommel:U_1|current_state.s0             ;
; 0.234  ; 0.500        ; 0.266          ; Low Pulse Width  ; clk   ; Rise       ; Trommel:U_1|current_state.s0             ;
; 0.234  ; 0.500        ; 0.266          ; High Pulse Width ; clk   ; Rise       ; Trommel:U_1|current_state.s3             ;
; 0.234  ; 0.500        ; 0.266          ; Low Pulse Width  ; clk   ; Rise       ; Trommel:U_1|current_state.s3             ;
; 0.234  ; 0.500        ; 0.266          ; High Pulse Width ; clk   ; Rise       ; Trommel:U_1|current_state.s4             ;
; 0.234  ; 0.500        ; 0.266          ; Low Pulse Width  ; clk   ; Rise       ; Trommel:U_1|current_state.s4             ;
; 0.234  ; 0.500        ; 0.266          ; High Pulse Width ; clk   ; Rise       ; Trommel:U_1|current_state.s5             ;
; 0.234  ; 0.500        ; 0.266          ; Low Pulse Width  ; clk   ; Rise       ; Trommel:U_1|current_state.s5             ;
; 0.234  ; 0.500        ; 0.266          ; High Pulse Width ; clk   ; Rise       ; Trommel:U_1|current_state.s6             ;
; 0.234  ; 0.500        ; 0.266          ; Low Pulse Width  ; clk   ; Rise       ; Trommel:U_1|current_state.s6             ;
; 0.234  ; 0.500        ; 0.266          ; High Pulse Width ; clk   ; Rise       ; Trommel:U_1|current_state.s8             ;
; 0.234  ; 0.500        ; 0.266          ; Low Pulse Width  ; clk   ; Rise       ; Trommel:U_1|current_state.s8             ;
; 0.234  ; 0.500        ; 0.266          ; High Pulse Width ; clk   ; Rise       ; Trommel:U_1|current_state.snel1200       ;
; 0.234  ; 0.500        ; 0.266          ; Low Pulse Width  ; clk   ; Rise       ; Trommel:U_1|current_state.snel1200       ;
; 0.234  ; 0.500        ; 0.266          ; High Pulse Width ; clk   ; Rise       ; Trommel:U_1|current_state.snelheidhoger2 ;
; 0.234  ; 0.500        ; 0.266          ; Low Pulse Width  ; clk   ; Rise       ; Trommel:U_1|current_state.snelheidhoger2 ;
; 0.234  ; 0.500        ; 0.266          ; High Pulse Width ; clk   ; Rise       ; Trommel:U_1|current_state.snelheidhoger3 ;
; 0.234  ; 0.500        ; 0.266          ; Low Pulse Width  ; clk   ; Rise       ; Trommel:U_1|current_state.snelheidhoger3 ;
; 0.234  ; 0.500        ; 0.266          ; High Pulse Width ; clk   ; Rise       ; Trommel:U_1|current_state.standkeuze     ;
; 0.234  ; 0.500        ; 0.266          ; Low Pulse Width  ; clk   ; Rise       ; Trommel:U_1|current_state.standkeuze     ;
; 0.234  ; 0.500        ; 0.266          ; High Pulse Width ; clk   ; Rise       ; Trommel:U_1|current_state.start          ;
; 0.234  ; 0.500        ; 0.266          ; Low Pulse Width  ; clk   ; Rise       ; Trommel:U_1|current_state.start          ;
; 0.234  ; 0.500        ; 0.266          ; High Pulse Width ; clk   ; Rise       ; Verwarming:U_3|current_state             ;
; 0.234  ; 0.500        ; 0.266          ; Low Pulse Width  ; clk   ; Rise       ; Verwarming:U_3|current_state             ;
; 0.234  ; 0.500        ; 0.266          ; High Pulse Width ; clk   ; Rise       ; Wassen:U_2|current_state.centr_0         ;
; 0.234  ; 0.500        ; 0.266          ; Low Pulse Width  ; clk   ; Rise       ; Wassen:U_2|current_state.centr_0         ;
; 0.234  ; 0.500        ; 0.266          ; High Pulse Width ; clk   ; Rise       ; Wassen:U_2|current_state.centr_1         ;
; 0.234  ; 0.500        ; 0.266          ; Low Pulse Width  ; clk   ; Rise       ; Wassen:U_2|current_state.centr_1         ;
; 0.234  ; 0.500        ; 0.266          ; High Pulse Width ; clk   ; Rise       ; Wassen:U_2|current_state.eind            ;
; 0.234  ; 0.500        ; 0.266          ; Low Pulse Width  ; clk   ; Rise       ; Wassen:U_2|current_state.eind            ;
; 0.234  ; 0.500        ; 0.266          ; High Pulse Width ; clk   ; Rise       ; Wassen:U_2|current_state.keuze           ;
; 0.234  ; 0.500        ; 0.266          ; Low Pulse Width  ; clk   ; Rise       ; Wassen:U_2|current_state.keuze           ;
; 0.234  ; 0.500        ; 0.266          ; High Pulse Width ; clk   ; Rise       ; Wassen:U_2|current_state.keuze2          ;
; 0.234  ; 0.500        ; 0.266          ; Low Pulse Width  ; clk   ; Rise       ; Wassen:U_2|current_state.keuze2          ;
; 0.234  ; 0.500        ; 0.266          ; High Pulse Width ; clk   ; Rise       ; Wassen:U_2|current_state.s0              ;
; 0.234  ; 0.500        ; 0.266          ; Low Pulse Width  ; clk   ; Rise       ; Wassen:U_2|current_state.s0              ;
; 0.234  ; 0.500        ; 0.266          ; High Pulse Width ; clk   ; Rise       ; Wassen:U_2|current_state.s1              ;
; 0.234  ; 0.500        ; 0.266          ; Low Pulse Width  ; clk   ; Rise       ; Wassen:U_2|current_state.s1              ;
; 0.234  ; 0.500        ; 0.266          ; High Pulse Width ; clk   ; Rise       ; Wassen:U_2|current_state.s12             ;
; 0.234  ; 0.500        ; 0.266          ; Low Pulse Width  ; clk   ; Rise       ; Wassen:U_2|current_state.s12             ;
; 0.234  ; 0.500        ; 0.266          ; High Pulse Width ; clk   ; Rise       ; Wassen:U_2|current_state.s14             ;
; 0.234  ; 0.500        ; 0.266          ; Low Pulse Width  ; clk   ; Rise       ; Wassen:U_2|current_state.s14             ;
; 0.234  ; 0.500        ; 0.266          ; High Pulse Width ; clk   ; Rise       ; Wassen:U_2|current_state.s15             ;
; 0.234  ; 0.500        ; 0.266          ; Low Pulse Width  ; clk   ; Rise       ; Wassen:U_2|current_state.s15             ;
; 0.234  ; 0.500        ; 0.266          ; High Pulse Width ; clk   ; Rise       ; Wassen:U_2|current_state.s19             ;
; 0.234  ; 0.500        ; 0.266          ; Low Pulse Width  ; clk   ; Rise       ; Wassen:U_2|current_state.s19             ;
; 0.234  ; 0.500        ; 0.266          ; High Pulse Width ; clk   ; Rise       ; Wassen:U_2|current_state.s2              ;
; 0.234  ; 0.500        ; 0.266          ; Low Pulse Width  ; clk   ; Rise       ; Wassen:U_2|current_state.s2              ;
; 0.234  ; 0.500        ; 0.266          ; High Pulse Width ; clk   ; Rise       ; Wassen:U_2|current_state.s23             ;
; 0.234  ; 0.500        ; 0.266          ; Low Pulse Width  ; clk   ; Rise       ; Wassen:U_2|current_state.s23             ;
; 0.234  ; 0.500        ; 0.266          ; High Pulse Width ; clk   ; Rise       ; Wassen:U_2|current_state.s24             ;
; 0.234  ; 0.500        ; 0.266          ; Low Pulse Width  ; clk   ; Rise       ; Wassen:U_2|current_state.s24             ;
; 0.234  ; 0.500        ; 0.266          ; High Pulse Width ; clk   ; Rise       ; Wassen:U_2|current_state.s3              ;
; 0.234  ; 0.500        ; 0.266          ; Low Pulse Width  ; clk   ; Rise       ; Wassen:U_2|current_state.s3              ;
; 0.234  ; 0.500        ; 0.266          ; High Pulse Width ; clk   ; Rise       ; Wassen:U_2|current_state.s5              ;
; 0.234  ; 0.500        ; 0.266          ; Low Pulse Width  ; clk   ; Rise       ; Wassen:U_2|current_state.s5              ;
; 0.234  ; 0.500        ; 0.266          ; High Pulse Width ; clk   ; Rise       ; Wassen:U_2|current_state.s8              ;
; 0.234  ; 0.500        ; 0.266          ; Low Pulse Width  ; clk   ; Rise       ; Wassen:U_2|current_state.s8              ;
; 0.234  ; 0.500        ; 0.266          ; High Pulse Width ; clk   ; Rise       ; Wassen:U_2|current_state.sSpoelen        ;
; 0.234  ; 0.500        ; 0.266          ; Low Pulse Width  ; clk   ; Rise       ; Wassen:U_2|current_state.sSpoelen        ;
; 0.234  ; 0.500        ; 0.266          ; High Pulse Width ; clk   ; Rise       ; Wassen:U_2|current_state.s_t_hoog1       ;
; 0.234  ; 0.500        ; 0.266          ; Low Pulse Width  ; clk   ; Rise       ; Wassen:U_2|current_state.s_t_hoog1       ;
; 0.234  ; 0.500        ; 0.266          ; High Pulse Width ; clk   ; Rise       ; Wassen:U_2|current_state.s_verwarm1      ;
; 0.234  ; 0.500        ; 0.266          ; Low Pulse Width  ; clk   ; Rise       ; Wassen:U_2|current_state.s_verwarm1      ;
; 0.234  ; 0.500        ; 0.266          ; High Pulse Width ; clk   ; Rise       ; Wassen:U_2|current_state.w_trommel1      ;
+--------+--------------+----------------+------------------+-------+------------+------------------------------------------+


+-----------------------------------------------------------------------------------+
; Setup Times                                                                       ;
+-----------------------+------------+-------+-------+------------+-----------------+
; Data Port             ; Clock Port ; Rise  ; Fall  ; Clock Edge ; Clock Reference ;
+-----------------------+------------+-------+-------+------------+-----------------+
; centrifugeerkeuze[*]  ; clk        ; 9.239 ; 9.239 ; Rise       ; clk             ;
;  centrifugeerkeuze[0] ; clk        ; 5.727 ; 5.727 ; Rise       ; clk             ;
;  centrifugeerkeuze[1] ; clk        ; 9.239 ; 9.239 ; Rise       ; clk             ;
; deur_dicht            ; clk        ; 4.886 ; 4.886 ; Rise       ; clk             ;
; kuip_leeg             ; clk        ; 4.001 ; 4.001 ; Rise       ; clk             ;
; programmakeuze[*]     ; clk        ; 5.403 ; 5.403 ; Rise       ; clk             ;
;  programmakeuze[0]    ; clk        ; 4.922 ; 4.922 ; Rise       ; clk             ;
;  programmakeuze[1]    ; clk        ; 5.403 ; 5.403 ; Rise       ; clk             ;
; start                 ; clk        ; 4.543 ; 4.543 ; Rise       ; clk             ;
; t_hoog                ; clk        ; 4.466 ; 4.466 ; Rise       ; clk             ;
; t_laag                ; clk        ; 6.187 ; 6.187 ; Rise       ; clk             ;
; w_hoog                ; clk        ; 5.234 ; 5.234 ; Rise       ; clk             ;
; w_laag                ; clk        ; 4.453 ; 4.453 ; Rise       ; clk             ;
+-----------------------+------------+-------+-------+------------+-----------------+


+-------------------------------------------------------------------------------------+
; Hold Times                                                                          ;
+-----------------------+------------+--------+--------+------------+-----------------+
; Data Port             ; Clock Port ; Rise   ; Fall   ; Clock Edge ; Clock Reference ;
+-----------------------+------------+--------+--------+------------+-----------------+
; centrifugeerkeuze[*]  ; clk        ; -1.541 ; -1.541 ; Rise       ; clk             ;
;  centrifugeerkeuze[0] ; clk        ; -1.541 ; -1.541 ; Rise       ; clk             ;
;  centrifugeerkeuze[1] ; clk        ; -4.254 ; -4.254 ; Rise       ; clk             ;
; deur_dicht            ; clk        ; -2.729 ; -2.729 ; Rise       ; clk             ;
; kuip_leeg             ; clk        ; -3.447 ; -3.447 ; Rise       ; clk             ;
; programmakeuze[*]     ; clk        ; -4.152 ; -4.152 ; Rise       ; clk             ;
;  programmakeuze[0]    ; clk        ; -4.152 ; -4.152 ; Rise       ; clk             ;
;  programmakeuze[1]    ; clk        ; -4.647 ; -4.647 ; Rise       ; clk             ;
; start                 ; clk        ; -3.547 ; -3.547 ; Rise       ; clk             ;
; t_hoog                ; clk        ; -3.310 ; -3.310 ; Rise       ; clk             ;
; t_laag                ; clk        ; -2.754 ; -2.754 ; Rise       ; clk             ;
; w_hoog                ; clk        ; -2.876 ; -2.876 ; Rise       ; clk             ;
; w_laag                ; clk        ; -3.000 ; -3.000 ; Rise       ; clk             ;
+-----------------------+------------+--------+--------+------------+-----------------+


+------------------------------------------------------------------------------+
; Clock to Output Times                                                        ;
+----------------+------------+--------+--------+------------+-----------------+
; Data Port      ; Clock Port ; Rise   ; Fall   ; Clock Edge ; Clock Reference ;
+----------------+------------+--------+--------+------------+-----------------+
; deur_grendel   ; clk        ; 9.045  ; 9.045  ; Rise       ; clk             ;
; klep_open      ; clk        ; 8.605  ; 8.605  ; Rise       ; clk             ;
; led_start      ; clk        ; 11.085 ; 11.085 ; Rise       ; clk             ;
; led_status[*]  ; clk        ; 14.361 ; 14.361 ; Rise       ; clk             ;
;  led_status[0] ; clk        ; 14.059 ; 14.059 ; Rise       ; clk             ;
;  led_status[1] ; clk        ; 13.529 ; 13.529 ; Rise       ; clk             ;
;  led_status[2] ; clk        ; 14.361 ; 14.361 ; Rise       ; clk             ;
; motor[*]       ; clk        ; 13.713 ; 13.713 ; Rise       ; clk             ;
;  motor[0]      ; clk        ; 11.439 ; 11.439 ; Rise       ; clk             ;
;  motor[1]      ; clk        ; 13.713 ; 13.713 ; Rise       ; clk             ;
;  motor[2]      ; clk        ; 10.747 ; 10.747 ; Rise       ; clk             ;
; pomp_aan       ; clk        ; 9.212  ; 9.212  ; Rise       ; clk             ;
; verwarmen      ; clk        ; 9.257  ; 9.257  ; Rise       ; clk             ;
+----------------+------------+--------+--------+------------+-----------------+


+------------------------------------------------------------------------------+
; Minimum Clock to Output Times                                                ;
+----------------+------------+--------+--------+------------+-----------------+
; Data Port      ; Clock Port ; Rise   ; Fall   ; Clock Edge ; Clock Reference ;
+----------------+------------+--------+--------+------------+-----------------+
; deur_grendel   ; clk        ; 8.299  ; 8.299  ; Rise       ; clk             ;
; klep_open      ; clk        ; 8.605  ; 8.605  ; Rise       ; clk             ;
; led_start      ; clk        ; 9.601  ; 9.601  ; Rise       ; clk             ;
; led_status[*]  ; clk        ; 9.577  ; 9.577  ; Rise       ; clk             ;
;  led_status[0] ; clk        ; 10.239 ; 10.239 ; Rise       ; clk             ;
;  led_status[1] ; clk        ; 9.577  ; 9.577  ; Rise       ; clk             ;
;  led_status[2] ; clk        ; 10.205 ; 10.205 ; Rise       ; clk             ;
; motor[*]       ; clk        ; 9.486  ; 9.486  ; Rise       ; clk             ;
;  motor[0]      ; clk        ; 11.014 ; 11.014 ; Rise       ; clk             ;
;  motor[1]      ; clk        ; 9.486  ; 9.486  ; Rise       ; clk             ;
;  motor[2]      ; clk        ; 10.044 ; 10.044 ; Rise       ; clk             ;
; pomp_aan       ; clk        ; 9.212  ; 9.212  ; Rise       ; clk             ;
; verwarmen      ; clk        ; 9.257  ; 9.257  ; Rise       ; clk             ;
+----------------+------------+--------+--------+------------+-----------------+


+-----------------------------------------------------------------------------------------+
; Setup Transfers                                                                         ;
+----------------------+----------------------+----------+----------+----------+----------+
; From Clock           ; To Clock             ; RR Paths ; FR Paths ; RF Paths ; FF Paths ;
+----------------------+----------------------+----------+----------+----------+----------+
; clk                  ; centrifugeerkeuze[0] ; 0        ; 0        ; 10       ; 0        ;
; centrifugeerkeuze[0] ; clk                  ; 40       ; 87       ; 0        ; 0        ;
; clk                  ; clk                  ; 494      ; 0        ; 0        ; 0        ;
+----------------------+----------------------+----------+----------+----------+----------+
Entries labeled "false path" only account for clock-to-clock false paths and not path-based false paths. As a result, actual path counts may be lower than reported.


+-----------------------------------------------------------------------------------------+
; Hold Transfers                                                                          ;
+----------------------+----------------------+----------+----------+----------+----------+
; From Clock           ; To Clock             ; RR Paths ; FR Paths ; RF Paths ; FF Paths ;
+----------------------+----------------------+----------+----------+----------+----------+
; clk                  ; centrifugeerkeuze[0] ; 0        ; 0        ; 10       ; 0        ;
; centrifugeerkeuze[0] ; clk                  ; 40       ; 87       ; 0        ; 0        ;
; clk                  ; clk                  ; 494      ; 0        ; 0        ; 0        ;
+----------------------+----------------------+----------+----------+----------+----------+
Entries labeled "false path" only account for clock-to-clock false paths and not path-based false paths. As a result, actual path counts may be lower than reported.


---------------
; Report TCCS ;
---------------
No dedicated SERDES Transmitter circuitry present in device or used in design


---------------
; Report RSKM ;
---------------
No dedicated SERDES Receiver circuitry present in device or used in design


+------------------------------------------------+
; Unconstrained Paths                            ;
+---------------------------------+-------+------+
; Property                        ; Setup ; Hold ;
+---------------------------------+-------+------+
; Illegal Clocks                  ; 0     ; 0    ;
; Unconstrained Clocks            ; 0     ; 0    ;
; Unconstrained Input Ports       ; 11    ; 11   ;
; Unconstrained Input Port Paths  ; 93    ; 93   ;
; Unconstrained Output Ports      ; 11    ; 11   ;
; Unconstrained Output Port Paths ; 48    ; 48   ;
+---------------------------------+-------+------+


+------------------------------------+
; TimeQuest Timing Analyzer Messages ;
+------------------------------------+
Info: *******************************************************************
Info: Running Quartus II 64-Bit TimeQuest Timing Analyzer
    Info: Version 13.0.1 Build 232 06/12/2013 Service Pack 1 SJ Web Edition
    Info: Processing started: Mon Mar 10 21:57:25 2025
Info: Command: quartus_sta wasmachien_block -c wasmachien_block
Info: qsta_default_script.tcl version: #1
Warning (20028): Parallel compilation is not licensed and has been disabled
Info (306004): Started post-fitting delay annotation
Info (306005): Delay annotation completed successfully
Warning (335093): TimeQuest Timing Analyzer is analyzing 1 combinational loops as latches.
Critical Warning (332012): Synopsys Design Constraints File file not found: 'wasmachien_block.sdc'. A Synopsys Design Constraints File is required by the TimeQuest Timing Analyzer to get proper timing constraints. Without it, the Compiler will not properly optimize the design.
Info (332142): No user constrained base clocks found in the design. Calling "derive_clocks -period 1.0"
Info (332105): Deriving Clocks
    Info (332105): create_clock -period 1.000 -name clk clk
    Info (332105): create_clock -period 1.000 -name centrifugeerkeuze[0] centrifugeerkeuze[0]
Info: Found TIMEQUEST_REPORT_SCRIPT_INCLUDE_DEFAULT_ANALYSIS = ON
Critical Warning (332148): Timing requirements not met
Info (332146): Worst-case setup slack is -8.891
    Info (332119):     Slack End Point TNS Clock 
    Info (332119): ========= ============= =====================
    Info (332119):    -8.891      -210.435 clk 
    Info (332119):    -2.487        -2.487 centrifugeerkeuze[0] 
Info (332146): Worst-case hold slack is 0.333
    Info (332119):     Slack End Point TNS Clock 
    Info (332119): ========= ============= =====================
    Info (332119):     0.333         0.000 centrifugeerkeuze[0] 
    Info (332119):     1.541         0.000 clk 
Info (332140): No Recovery paths to report
Info (332140): No Removal paths to report
Info (332146): Worst-case minimum pulse width slack is -2.289
    Info (332119):     Slack End Point TNS Clock 
    Info (332119): ========= ============= =====================
    Info (332119):    -2.289        -2.289 centrifugeerkeuze[0] 
    Info (332119):    -2.289        -2.289 clk 
Info (332001): The selected device family is not supported by the report_metastability command.
Info (332102): Design is not fully constrained for setup requirements
Info (332102): Design is not fully constrained for hold requirements
Info: Quartus II 64-Bit TimeQuest Timing Analyzer was successful. 0 errors, 4 warnings
    Info: Peak virtual memory: 4528 megabytes
    Info: Processing ended: Mon Mar 10 21:57:27 2025
    Info: Elapsed time: 00:00:02
    Info: Total CPU time (on all processors): 00:00:01


